Generated: 2026-03-20T11:24:37
Directory: /home/greg/Desktop/new_pdis/generated_pdi_insts_candidate/8192x9216x1536/bf16_int4AWQ_bf16_K
Grid formula: 2 * (8192/256) * (9216/256)
Expected combinations: 1152
Existing combinations: 676
Missing combinations: 476

Missing (MxKxN) combinations:
1536x5376x1536
1536x5888x1536
1536x6400x1536
1536x6912x1536
1536x7424x1536
1536x7936x1536
1536x8448x1536
1536x8960x1536
1792x256x1536
1792x768x1536
1792x1280x1536
1792x1792x1536
1792x2304x1536
1792x2816x1536
1792x3328x1536
1792x3840x1536
1792x4352x1536
1792x4864x1536
1792x5376x1536
1792x5888x1536
1792x6400x1536
1792x6912x1536
1792x7424x1536
1792x7936x1536
1792x8448x1536
1792x8960x1536
2048x256x1536
2048x768x1536
2048x1280x1536
2048x1792x1536
2048x2304x1536
2048x2816x1536
2048x3328x1536
2048x3840x1536
2048x4352x1536
2048x4864x1536
2048x5376x1536
2048x5888x1536
2048x6400x1536
2048x6912x1536
2048x7424x1536
2048x7936x1536
2048x8448x1536
2048x8960x1536
2304x256x1536
2304x768x1536
2304x1280x1536
2304x1792x1536
2304x2304x1536
2304x2816x1536
2304x3328x1536
2304x3840x1536
2304x4352x1536
2304x4864x1536
2304x5376x1536
2304x5888x1536
2304x6400x1536
2304x6912x1536
2304x7424x1536
2304x7936x1536
2304x8448x1536
2304x8960x1536
2560x256x1536
2560x768x1536
2560x1280x1536
2560x1792x1536
2560x2304x1536
2560x2816x1536
2560x3328x1536
2560x3840x1536
2560x4352x1536
2560x4864x1536
2560x5376x1536
2560x5888x1536
2560x6400x1536
2560x6912x1536
2560x7424x1536
2560x7936x1536
2560x8448x1536
2560x8960x1536
2816x256x1536
2816x768x1536
2816x1280x1536
2816x1792x1536
2816x2304x1536
2816x2816x1536
2816x3328x1536
2816x3840x1536
2816x4352x1536
2816x4864x1536
2816x5376x1536
2816x5888x1536
2816x6400x1536
2816x6912x1536
2816x7424x1536
2816x7936x1536
2816x8448x1536
2816x8960x1536
3072x256x1536
3072x768x1536
3072x1280x1536
3072x1792x1536
3072x2304x1536
3072x2816x1536
3072x3328x1536
3072x3840x1536
3072x4352x1536
3072x4864x1536
3072x5376x1536
3072x5888x1536
3072x6400x1536
3072x6912x1536
3072x7424x1536
3072x7936x1536
3072x8448x1536
3072x8960x1536
3328x256x1536
3328x768x1536
3328x1280x1536
3328x1792x1536
3328x2304x1536
3328x2816x1536
3328x3328x1536
3328x3840x1536
3328x4352x1536
3328x4864x1536
3328x5376x1536
3328x5888x1536
3328x6400x1536
3328x6912x1536
3328x7424x1536
3328x7936x1536
3328x8448x1536
3328x8960x1536
3584x256x1536
3584x768x1536
3584x1280x1536
3584x1792x1536
3584x2304x1536
3584x2816x1536
3584x3328x1536
3584x3840x1536
3584x4352x1536
3584x4864x1536
3584x5376x1536
3584x5888x1536
3584x6400x1536
3584x6912x1536
3584x7424x1536
3584x7936x1536
3584x8448x1536
3584x8960x1536
3840x256x1536
3840x768x1536
3840x1280x1536
3840x1792x1536
3840x2304x1536
3840x2816x1536
3840x3328x1536
3840x3840x1536
3840x4352x1536
3840x4864x1536
3840x5376x1536
3840x5888x1536
3840x6400x1536
3840x6912x1536
3840x7424x1536
3840x7936x1536
3840x8448x1536
3840x8960x1536
4096x256x1536
4096x768x1536
4096x1280x1536
4096x1792x1536
4096x2304x1536
4096x2816x1536
4096x3328x1536
4096x3840x1536
4096x4352x1536
4096x4864x1536
4096x5376x1536
4096x5888x1536
4096x6400x1536
4096x6912x1536
4096x7424x1536
4096x7936x1536
4096x8448x1536
4096x8960x1536
4352x256x1536
4352x768x1536
4352x1280x1536
4352x1792x1536
4352x2304x1536
4352x2816x1536
4352x3328x1536
4352x3840x1536
4352x4352x1536
4352x4864x1536
4352x5376x1536
4352x5888x1536
4352x6400x1536
4352x6912x1536
4352x7424x1536
4352x7936x1536
4352x8448x1536
4352x8960x1536
4608x256x1536
4608x768x1536
4608x1280x1536
4608x1792x1536
4608x2304x1536
4608x2816x1536
4608x3328x1536
4608x3840x1536
4608x4352x1536
4608x4864x1536
4608x5376x1536
4608x5888x1536
4608x6400x1536
4608x6912x1536
4608x7424x1536
4608x7936x1536
4608x8448x1536
4608x8960x1536
4864x256x1536
4864x768x1536
4864x1280x1536
4864x1792x1536
4864x2304x1536
4864x2816x1536
4864x3328x1536
4864x3840x1536
4864x4352x1536
4864x4864x1536
4864x5376x1536
4864x5888x1536
4864x6400x1536
4864x6912x1536
4864x7424x1536
4864x7936x1536
4864x8448x1536
4864x8960x1536
5120x256x1536
5120x768x1536
5120x1280x1536
5120x1792x1536
5120x2304x1536
5120x2816x1536
5120x3328x1536
5120x3840x1536
5120x4352x1536
5120x4864x1536
5120x5376x1536
5120x5888x1536
5120x6400x1536
5120x6912x1536
5120x7424x1536
5120x7936x1536
5120x8448x1536
5120x8960x1536
5376x256x1536
5376x768x1536
5376x1280x1536
5376x1792x1536
5376x2304x1536
5376x2816x1536
5376x3328x1536
5376x3840x1536
5376x4352x1536
5376x4864x1536
5376x5376x1536
5376x5888x1536
5376x6400x1536
5376x6912x1536
5376x7424x1536
5376x7936x1536
5376x8448x1536
5376x8960x1536
5632x256x1536
5632x768x1536
5632x1280x1536
5632x1792x1536
5632x2304x1536
5632x2816x1536
5632x3328x1536
5632x3840x1536
5632x4352x1536
5632x4864x1536
5632x5376x1536
5632x5888x1536
5632x6400x1536
5632x6912x1536
5632x7424x1536
5632x7936x1536
5632x8448x1536
5632x8960x1536
5888x256x1536
5888x768x1536
5888x1280x1536
5888x1792x1536
5888x2304x1536
5888x2816x1536
5888x3328x1536
5888x3840x1536
5888x4352x1536
5888x4864x1536
5888x5376x1536
5888x5888x1536
5888x6400x1536
5888x6912x1536
5888x7424x1536
5888x7936x1536
5888x8448x1536
5888x8960x1536
6144x256x1536
6144x768x1536
6144x1280x1536
6144x1792x1536
6144x2304x1536
6144x2816x1536
6144x3328x1536
6144x3840x1536
6144x4352x1536
6144x4864x1536
6144x5376x1536
6144x5888x1536
6144x6400x1536
6144x6912x1536
6144x7424x1536
6144x7936x1536
6144x8448x1536
6144x8960x1536
6400x256x1536
6400x768x1536
6400x1280x1536
6400x1792x1536
6400x2304x1536
6400x2816x1536
6400x3328x1536
6400x3840x1536
6400x4352x1536
6400x4864x1536
6400x5376x1536
6400x5888x1536
6400x6400x1536
6400x6912x1536
6400x7424x1536
6400x7936x1536
6400x8448x1536
6400x8960x1536
6656x256x1536
6656x768x1536
6656x1280x1536
6656x1792x1536
6656x2304x1536
6656x2816x1536
6656x3328x1536
6656x3840x1536
6656x4352x1536
6656x4864x1536
6656x5376x1536
6656x5888x1536
6656x6400x1536
6656x6912x1536
6656x7424x1536
6656x7936x1536
6656x8448x1536
6656x8960x1536
6912x256x1536
6912x768x1536
6912x1280x1536
6912x1792x1536
6912x2304x1536
6912x2816x1536
6912x3328x1536
6912x3840x1536
6912x4352x1536
6912x4864x1536
6912x5376x1536
6912x5888x1536
6912x6400x1536
6912x6912x1536
6912x7424x1536
6912x7936x1536
6912x8448x1536
6912x8960x1536
7168x256x1536
7168x768x1536
7168x1280x1536
7168x1792x1536
7168x2304x1536
7168x2816x1536
7168x3328x1536
7168x3840x1536
7168x4352x1536
7168x4864x1536
7168x5376x1536
7168x5888x1536
7168x6400x1536
7168x6912x1536
7168x7424x1536
7168x7936x1536
7168x8448x1536
7168x8960x1536
7424x256x1536
7424x768x1536
7424x1280x1536
7424x1792x1536
7424x2304x1536
7424x2816x1536
7424x3328x1536
7424x3840x1536
7424x4352x1536
7424x4864x1536
7424x5376x1536
7424x5888x1536
7424x6400x1536
7424x6912x1536
7424x7424x1536
7424x7936x1536
7424x8448x1536
7424x8960x1536
7680x256x1536
7680x768x1536
7680x1280x1536
7680x1792x1536
7680x2304x1536
7680x2816x1536
7680x3328x1536
7680x3840x1536
7680x4352x1536
7680x4864x1536
7680x5376x1536
7680x5888x1536
7680x6400x1536
7680x6912x1536
7680x7424x1536
7680x7936x1536
7680x8448x1536
7680x8960x1536
7936x256x1536
7936x768x1536
7936x1280x1536
7936x1792x1536
7936x2304x1536
7936x2816x1536
7936x3328x1536
7936x3840x1536
7936x4352x1536
7936x4864x1536
7936x5376x1536
7936x5888x1536
7936x6400x1536
7936x6912x1536
7936x7424x1536
7936x7936x1536
7936x8448x1536
7936x8960x1536
8192x256x1536
8192x768x1536
8192x1280x1536
8192x1792x1536
8192x2304x1536
8192x2816x1536
8192x3328x1536
8192x3840x1536
8192x4352x1536
8192x4864x1536
8192x5376x1536
8192x5888x1536
8192x6400x1536
8192x6912x1536
8192x7424x1536
8192x7936x1536
8192x8448x1536
8192x8960x1536
